  復元対象のプロジェクトを決定しています...
  復元対象のすべてのプロジェクトは最新です。
  CashChangerSimulator.Core -> C:\Users\ITI202301003_User\source\repos\w-red\CashChangerSimulator\src\CashChangerSimulator.Core\bin\Debug\net10.0-windows\CashChangerSimulator.Core.dll
  CashChangerSimulator.Device -> C:\Users\ITI202301003_User\source\repos\w-red\CashChangerSimulator\src\CashChangerSimulator.Device\bin\Debug\net10.0-windows\CashChangerSimulator.Device.dll
C:\Users\ITI202301003_User\source\repos\w-red\CashChangerSimulator\src\CashChangerSimulator.UI.Wpf\ViewModels\InventoryViewModel.cs(148,17): error CS0103: 現在のコンテキストに '_notifyService' という名前は存在しません [C:\Users\ITI202301003_User\source\repos\w-red\CashChangerSimulator\src\CashChangerSimulator.UI.Wpf\CashChangerSimulator.UI.Wpf_klefyuxk_wpftmp.csproj]
C:\Users\ITI202301003_User\source\repos\w-red\CashChangerSimulator\src\CashChangerSimulator.UI.Wpf\ViewModels\InventoryViewModel.cs(162,17): error CS0103: 現在のコンテキストに '_notifyService' という名前は存在しません [C:\Users\ITI202301003_User\source\repos\w-red\CashChangerSimulator\src\CashChangerSimulator.UI.Wpf\CashChangerSimulator.UI.Wpf_klefyuxk_wpftmp.csproj]
C:\Users\ITI202301003_User\source\repos\w-red\CashChangerSimulator\src\CashChangerSimulator.UI.Wpf\ViewModels\MainViewModel.cs(132,31): error CS1061: 'INotifyService' に 'ShowError' の定義が含まれておらず、型 'INotifyService' の最初の引数を受け付けるアクセス可能な拡張メソッド 'ShowError' が見つかりませんでした。using ディレクティブまたはアセンブリ参照が不足していないことを確認してください [C:\Users\ITI202301003_User\source\repos\w-red\CashChangerSimulator\src\CashChangerSimulator.UI.Wpf\CashChangerSimulator.UI.Wpf_klefyuxk_wpftmp.csproj]
C:\Users\ITI202301003_User\source\repos\w-red\CashChangerSimulator\src\CashChangerSimulator.UI.Wpf\ViewModels\PosTransactionViewModel.cs(394,13): error CS0103: 現在のコンテキストに '_notifyService' という名前は存在しません [C:\Users\ITI202301003_User\source\repos\w-red\CashChangerSimulator\src\CashChangerSimulator.UI.Wpf\CashChangerSimulator.UI.Wpf_klefyuxk_wpftmp.csproj]
C:\Users\ITI202301003_User\source\repos\w-red\CashChangerSimulator\src\CashChangerSimulator.UI.Wpf\ViewModels\PosTransactionViewModel.cs(399,13): error CS0103: 現在のコンテキストに '_notifyService' という名前は存在しません [C:\Users\ITI202301003_User\source\repos\w-red\CashChangerSimulator\src\CashChangerSimulator.UI.Wpf\CashChangerSimulator.UI.Wpf_klefyuxk_wpftmp.csproj]

ビルドに失敗しました。

C:\Users\ITI202301003_User\source\repos\w-red\CashChangerSimulator\src\CashChangerSimulator.UI.Wpf\ViewModels\InventoryViewModel.cs(148,17): error CS0103: 現在のコンテキストに '_notifyService' という名前は存在しません [C:\Users\ITI202301003_User\source\repos\w-red\CashChangerSimulator\src\CashChangerSimulator.UI.Wpf\CashChangerSimulator.UI.Wpf_klefyuxk_wpftmp.csproj]
C:\Users\ITI202301003_User\source\repos\w-red\CashChangerSimulator\src\CashChangerSimulator.UI.Wpf\ViewModels\InventoryViewModel.cs(162,17): error CS0103: 現在のコンテキストに '_notifyService' という名前は存在しません [C:\Users\ITI202301003_User\source\repos\w-red\CashChangerSimulator\src\CashChangerSimulator.UI.Wpf\CashChangerSimulator.UI.Wpf_klefyuxk_wpftmp.csproj]
C:\Users\ITI202301003_User\source\repos\w-red\CashChangerSimulator\src\CashChangerSimulator.UI.Wpf\ViewModels\MainViewModel.cs(132,31): error CS1061: 'INotifyService' に 'ShowError' の定義が含まれておらず、型 'INotifyService' の最初の引数を受け付けるアクセス可能な拡張メソッド 'ShowError' が見つかりませんでした。using ディレクティブまたはアセンブリ参照が不足していないことを確認してください [C:\Users\ITI202301003_User\source\repos\w-red\CashChangerSimulator\src\CashChangerSimulator.UI.Wpf\CashChangerSimulator.UI.Wpf_klefyuxk_wpftmp.csproj]
C:\Users\ITI202301003_User\source\repos\w-red\CashChangerSimulator\src\CashChangerSimulator.UI.Wpf\ViewModels\PosTransactionViewModel.cs(394,13): error CS0103: 現在のコンテキストに '_notifyService' という名前は存在しません [C:\Users\ITI202301003_User\source\repos\w-red\CashChangerSimulator\src\CashChangerSimulator.UI.Wpf\CashChangerSimulator.UI.Wpf_klefyuxk_wpftmp.csproj]
C:\Users\ITI202301003_User\source\repos\w-red\CashChangerSimulator\src\CashChangerSimulator.UI.Wpf\ViewModels\PosTransactionViewModel.cs(399,13): error CS0103: 現在のコンテキストに '_notifyService' という名前は存在しません [C:\Users\ITI202301003_User\source\repos\w-red\CashChangerSimulator\src\CashChangerSimulator.UI.Wpf\CashChangerSimulator.UI.Wpf_klefyuxk_wpftmp.csproj]
    0 個の警告
    5 エラー

経過時間 00:00:02.13
