  蠕ｩ蜈・ｯｾ雎｡縺ｮ繝励Ο繧ｸ繧ｧ繧ｯ繝医ｒ豎ｺ螳壹＠縺ｦ縺・∪縺・..
  蠕ｩ蜈・ｯｾ雎｡縺ｮ縺吶∋縺ｦ縺ｮ繝励Ο繧ｸ繧ｧ繧ｯ繝医・譛譁ｰ縺ｧ縺吶・
  CashChangerSimulator.Core -> C:\Users\ITI202301003_User\source\repos\w-red\CashChangerSimulator\src\CashChangerSimulator.Core\bin\Debug\net10.0-windows\CashChangerSimulator.Core.dll
C:\Users\ITI202301003_User\source\repos\w-red\CashChangerSimulator\src\CashChangerSimulator.Device\DispenseController.cs(19,142): error CS0246: 蝙九∪縺溘・蜷榊燕遨ｺ髢薙・蜷榊燕 'ConfigurationProvider' 縺瑚ｦ九▽縺九ｊ縺ｾ縺帙ｓ縺ｧ縺励◆ (using 繝・ぅ繝ｬ繧ｯ繝・ぅ繝悶∪縺溘・繧｢繧ｻ繝ｳ繝悶Μ蜿ら・縺梧欠螳壹＆繧後※縺・ｋ縺薙→繧堤｢ｺ隱阪＠縺ｦ縺上□縺輔＞) [C:\Users\ITI202301003_User\source\repos\w-red\CashChangerSimulator\src\CashChangerSimulator.Device\CashChangerSimulator.Device.csproj]

繝薙Ν繝峨↓螟ｱ謨励＠縺ｾ縺励◆縲・

C:\Users\ITI202301003_User\source\repos\w-red\CashChangerSimulator\src\CashChangerSimulator.Device\DispenseController.cs(19,142): error CS0246: 蝙九∪縺溘・蜷榊燕遨ｺ髢薙・蜷榊燕 'ConfigurationProvider' 縺瑚ｦ九▽縺九ｊ縺ｾ縺帙ｓ縺ｧ縺励◆ (using 繝・ぅ繝ｬ繧ｯ繝・ぅ繝悶∪縺溘・繧｢繧ｻ繝ｳ繝悶Μ蜿ら・縺梧欠螳壹＆繧後※縺・ｋ縺薙→繧堤｢ｺ隱阪＠縺ｦ縺上□縺輔＞) [C:\Users\ITI202301003_User\source\repos\w-red\CashChangerSimulator\src\CashChangerSimulator.Device\CashChangerSimulator.Device.csproj]
    0 蛟九・隴ｦ蜻・
    1 繧ｨ繝ｩ繝ｼ

邨碁℃譎る俣 00:00:01.38
