  CashChangerSimulator.Core -> C:\Users\ITI202301003_User\source\repos\w-red\CashChangerSimulator\src\CashChangerSimulator.Core\bin\Debug\net10.0-windows\CashChangerSimulator.Core.dll
  CashChangerSimulator.Device -> C:\Users\ITI202301003_User\source\repos\w-red\CashChangerSimulator\src\CashChangerSimulator.Device\bin\Debug\net10.0-windows\CashChangerSimulator.Device.dll
  CashChangerSimulator.UI.Cli -> C:\Users\ITI202301003_User\source\repos\w-red\CashChangerSimulator\src\CashChangerSimulator.UI.Cli\bin\Debug\net10.0-windows\CashChangerSimulator.UI.Cli.dll
  CashChangerSimulator.UI.Wpf -> C:\Users\ITI202301003_User\source\repos\w-red\CashChangerSimulator\src\CashChangerSimulator.UI.Wpf\bin\Debug\net10.0-windows\CashChangerSimulator.UI.Wpf.dll
  CashChangerSimulator.Tests -> C:\Users\ITI202301003_User\source\repos\w-red\CashChangerSimulator\test\CashChangerSimulator.Tests\bin\Debug\net10.0-windows\CashChangerSimulator.Tests.dll
C:\Users\ITI202301003_User\source\repos\w-red\CashChangerSimulator\test\CashChangerSimulator.Tests\bin\Debug\net10.0-windows\CashChangerSimulator.Tests.dll (.NETCoreApp,Version=v10.0) のテスト実行
VSTest のバージョン 18.0.1 (x64)

テスト実行を開始しています。お待ちください...
合計 1 個のテスト ファイルが指定されたパターンと一致しました。
  失敗 CashChangerSimulator.Tests.Ui.Cli.CliCashServiceTests.DispenseShouldHandlePosControlExceptionAndCheckExtendedErrorCodeWhenInventoryIsInsufficient [362 ms]
  エラー メッセージ:
   Shouldly.ShouldAssertException : realChanger.ResultCode
    should be
114
    but was
101
  スタック トレース:
     at CashChangerSimulator.Tests.Ui.Cli.CliCashServiceTests.DispenseShouldHandlePosControlExceptionAndCheckExtendedErrorCodeWhenInventoryIsInsufficient() in C:\Users\ITI202301003_User\source\repos\w-red\CashChangerSimulator\test\CashChangerSimulator.Tests\UI\Cli\CliCashServiceTests.cs:line 56
   at System.Reflection.MethodBaseInvoker.InterpretedInvoke_Method(Object obj, IntPtr* args)
   at System.Reflection.MethodBaseInvoker.InvokeWithNoArgs(Object obj, BindingFlags invokeAttr)
  失敗 CashChangerSimulator.Tests.Ui.Cli.CliCashServiceTests.EndDepositShouldUpdateResultCodeAndPrintErrorMessageWhenNotInDepositMode(action: NoChange, expectedCode: Illegal) [20 ms]
  エラー メッセージ:
   Shouldly.ShouldAssertException : realChanger.ResultCode
    should be
106
    but was
101
  スタック トレース:
     at CashChangerSimulator.Tests.Ui.Cli.CliCashServiceTests.EndDepositShouldUpdateResultCodeAndPrintErrorMessageWhenNotInDepositMode(CashDepositAction action, ErrorCode expectedCode) in C:\Users\ITI202301003_User\source\repos\w-red\CashChangerSimulator\test\CashChangerSimulator.Tests\UI\Cli\CliCashServiceTests.cs:line 34
   at System.Reflection.MethodBaseInvoker.InterpretedInvoke_Method(Object obj, IntPtr* args)
   at System.Reflection.MethodBaseInvoker.InvokeDirectByRefWithFewArgs(Object obj, Span`1 copyOfArgs, BindingFlags invokeAttr)
  失敗 CashChangerSimulator.Tests.Ui.Cli.CliCashServiceTests.EndDepositShouldUpdateResultCodeAndPrintErrorMessageWhenNotInDepositMode(action: Change, expectedCode: Illegal) [11 ms]
  エラー メッセージ:
   Shouldly.ShouldAssertException : realChanger.ResultCode
    should be
106
    but was
101
  スタック トレース:
     at CashChangerSimulator.Tests.Ui.Cli.CliCashServiceTests.EndDepositShouldUpdateResultCodeAndPrintErrorMessageWhenNotInDepositMode(CashDepositAction action, ErrorCode expectedCode) in C:\Users\ITI202301003_User\source\repos\w-red\CashChangerSimulator\test\CashChangerSimulator.Tests\UI\Cli\CliCashServiceTests.cs:line 34
   at InvokeStub_CliCashServiceTests.EndDepositShouldUpdateResultCodeAndPrintErrorMessageWhenNotInDepositMode(Object, Span`1)
   at System.Reflection.MethodBaseInvoker.InvokeWithFewArgs(Object obj, BindingFlags invokeAttr, Binder binder, Object[] parameters, CultureInfo culture)

失敗!   -失敗:     3、合格:     0、スキップ:     0、合計:     3、期間: 413 ms - CashChangerSimulator.Tests.dll (net10.0)
